#
# A fatal error has been detected by the Java Runtime Environment:
#
#  SIGSEGV (0xb) at pc=0x000077b1d377670e, pid=2581451, tid=2581880
#
# JRE version: OpenJDK Runtime Environment (21.0.12.1+1) (build 21.0.12.1+1-1-24.04.4-Ubuntu)
# Java VM: OpenJDK 64-Bit Server VM (21.0.12.1+1-1-24.04.4-Ubuntu, mixed mode, sharing, tiered, compressed oops, compressed class ptrs, g1 gc, linux-amd64)
# Problematic frame:
# C  [libonnxruntime.so+0xb7670e]  onnxruntime::PlannerImpl::SameSize(onnx::TensorShapeProto const&, onnxruntime::NodeArg const&, onnx::TensorShapeProto const&, onnxruntime::NodeArg const&)+0x8e
#
# Core dump will be written. Default location: Determined by the following: "/usr/share/apport/apport -p%p -s%s -c%c -d%d -P%P -u%u -g%g -F%F -- %E" (alternatively, falling back to /home/wangyl/work/code/android/VoiceBook/voice/core.2581451)
#
# If you would like to submit a bug report, please visit:
#   https://bugs.launchpad.net/ubuntu/+source/openjdk-21
# The crash happened outside the Java Virtual Machine in native code.
# See problematic frame for where to report the bug.
#

---------------  S U M M A R Y ------------

Command Line: -Djava.library.path=/home/wangyl/work/code/android/VoiceBook/desktopApp/native/sherpa-onnx-linux-x64/lib -Dorg.gradle.internal.worker.tmpdir=/home/wangyl/work/code/android/VoiceBook/voice/build/tmp/jvmTest/work -Xmx512m -Dfile.encoding=UTF-8 -Duser.country=CN -Duser.language=zh -Duser.variant -ea worker.org.gradle.process.internal.worker.GradleWorkerMain 'Gradle Test Executor 15'

Host: AMD Ryzen 7 2700X Eight-Core Processor, 16 cores, 54G, Ubuntu 24.04.5 LTS
Time: Fri Sep 25 23:41:01 2026 CST elapsed time: 37.128477 seconds (0d 0h 0m 37s)

---------------  T H R E A D  ---------------

Current thread (0x000077b18188e840):  JavaThread "sherpa-warmup" [_thread_in_native, id=2581880, stack(0x000077b275d00000,0x000077b275e00000) (1024K)]

Stack: [0x000077b275d00000,0x000077b275e00000],  sp=0x000077b275dfc870,  free space=1010k
Native frames: (J=compiled Java code, j=interpreted, Vv=VM code, C=native code)
C  [libonnxruntime.so+0xb7670e]  onnxruntime::PlannerImpl::SameSize(onnx::TensorShapeProto const&, onnxruntime::NodeArg const&, onnx::TensorShapeProto const&, onnxruntime::NodeArg const&)+0x8e
Java frames: (J=compiled Java code, j=interpreted, Vv=VM code)
j  com.k2fsa.sherpa.onnx.OfflineRecognizer.newFromFile(Lcom/k2fsa/sherpa/onnx/OfflineRecognizerConfig;)J+0
j  com.k2fsa.sherpa.onnx.OfflineRecognizer.<init>(Landroid/content/res/AssetManager;Lcom/k2fsa/sherpa/onnx/OfflineRecognizerConfig;)V+38
j  us.wangxy.voicebook.voice.local.sherpa.TransducerOfflineBackend.recognizer_delegate$lambda$0(Lus/wangxy/voicebook/voice/local/sherpa/TransducerOfflineBackend;)Lcom/k2fsa/sherpa/onnx/OfflineRecognizer;+276
j  us.wangxy.voicebook.voice.local.sherpa.TransducerOfflineBackend$$Lambda+0x000077b2781babe0.invoke()Ljava/lang/Object;+4
j  kotlin.SynchronizedLazyImpl.getValue()Ljava/lang/Object;+51
j  us.wangxy.voicebook.voice.local.sherpa.TransducerOfflineBackend.getRecognizer()Lcom/k2fsa/sherpa/onnx/OfflineRecognizer;+6
j  us.wangxy.voicebook.voice.local.sherpa.TransducerOfflineBackend.load()V+1
j  us.wangxy.voicebook.voice.local.sherpa.SherpaModelLoadKt$buildSherpaStack$warmup$3$1.invoke()V+7
j  us.wangxy.voicebook.voice.local.sherpa.SherpaModelLoadKt$buildSherpaStack$warmup$3$1.invoke()Ljava/lang/Object;+1
j  us.wangxy.voicebook.voice.local.sherpa.JvmSherpa.create$lambda$0(Lus/wangxy/voicebook/voice/local/sherpa/SherpaStack;)Lkotlin/Unit;+51
j  us.wangxy.voicebook.voice.local.sherpa.JvmSherpa$$Lambda+0x000077b2781c6d98.invoke()Ljava/lang/Object;+4
j  kotlin.concurrent.ThreadsKt$thread$thread$1.run()V+4
v  ~StubRoutines::call_stub 0x000077b2d7c5fcc6

siginfo: si_signo: 11 (SIGSEGV), si_code: 1 (SEGV_MAPERR), si_addr: 0x000077b6a34e06ec

Registers:
RAX=0x000077b1d8534020, RBX=0x000077af547bd1a0, RCX=0x000077b6a34e06e4, RDX=0x000000000000005b
RSP=0x000077b275dfc870, RBP=0x000077af545796d0, RSI=0x000077b1d8017de8, RDI=0x0000000000000000
R8 =0x000000000000007f, R9 =0x000000000000005b, R10=0x000077af548c0fc0, R11=0x537ecf29def9094b
R12=0x000077af547bd050, R13=0x000077b1d8017de8, R14=0x000077b1d8017de8, R15=0x000077b275dfd0f0
RIP=0x000077b1d377670e, EFLAGS=0x0000000000010202, CSGSFS=0x002b000000000033, ERR=0x0000000000000004
  TRAPNO=0x000000000000000e

XMM[0]=0x0000000000000000 0x0000000000000000
XMM[1]=0x000000ff00000000 0x000000000000ff00
XMM[2]=0xffffffffffffffff 0xffffffffffffffff
XMM[3]=0x8080808080808080 0x8080808080808080
XMM[4]=0x0000000000000000 0x000077b064000090
XMM[5]=0x000077b1d3781040 0x000077b1d377c870
XMM[6]=0x000077b1d3781040 0x000077b1d377c870
XMM[7]=0x0000000000000000 0x000077b1d3781040
XMM[8]=0x000000000000184e 0x000000000000184d
XMM[9]=0x000077b1d3be75d0 0x000077b1d3be7090
XMM[10]=0x000077b1d3be5a40 0x000077b1d3be58b0
XMM[11]=0x000077b1d3be3f30 0x000077b1d3be3650
XMM[12]=0x000077b1d3bd5b80 0x000077b1d3bd07e3
XMM[13]=0x000077b1d3bd7f90 0x000077b1d3bdffb0
XMM[14]=0x000077b1d3bed210 0x000077b1d3bec300
XMM[15]=0x3f8000003f800000 0x3f8000003f800000
  MXCSR=0x00001fa3


Register to memory mapping:

RAX=0x000077b1d8534020 points into unknown readable memory: 0x000077b6a34e06e4 | e4 06 4e a3 b6 77 00 00
RBX=0x000077af547bd1a0 points into unknown readable memory: 0x000077b1d3f4d160 | 60 d1 f4 d3 b1 77 00 00
RCX=0x000077b6a34e06e4 is an unknown value
RDX=0x000000000000005b is an unknown value
RSP=0x000077b275dfc870 is pointing into the stack for thread: 0x000077b18188e840
RBP=0x000077af545796d0 points into unknown readable memory: 0x000077b1d8017de8 | e8 7d 01 d8 b1 77 00 00
RSI=0x000077b1d8017de8 points into unknown readable memory: 0x000077b1d8017dc8 | c8 7d 01 d8 b1 77 00 00
RDI=0x0 is null
R8 =